    1:     1: # Program: CS 115 Lab 6a

    2:     2: # Author: Your name

    3:     3: # Description: This program will ask the user for a value

    4:     4: # and tell the user whether the value is even or odd.

    5:     5: 

    6:     6: 

    7:     7: def main():

    8:     DEF_T         def

    9:     IDENT_T       main

    10:     LPAREN_T      (

    11:     RPAREN_T      )

    12:     COLON_T       :

    13:     8: 

    14:     9: 	N = int(input('Enter a number: '))

    15:     TAB_T         \t

Error:  Invalid character found: \ at 15,19
    16:     IDENT_T       N

    17:     ASSIGN_T      =

    18:     INT_T         int

    19:     LPAREN_T      (

    20:     INPUT_T       input

    21:     LPAREN_T      (

    22:     STRLIT_T      'Enter a number: '

    23:     RPAREN_T      )

    24:     RPAREN_T      )

    25:     10: 

    26:     11: 	if N % 2 == 1:

    27:     TAB_T         \t

Error:  Invalid character found: \ at 27,19
    28:     IF_T          if

    29:     IDENT_T       N

    30:     MOD_T         %

    31:     INTLIT_T      2

    32:     EQUAL_T       ==

    33:     INTLIT_T      1

    34:     COLON_T       :

    35:     12: 		print(&N, 'is odd.')

Error:  Invalid character found: & at 35,17
    36:     TAB_T         \t

Error:  Invalid character found: \ at 36,19
    37:     TAB_T         \t

Error:  Invalid character found: \ at 37,19
    38:     PRINT_T       print

    39:     LPAREN_T      (

    40: Error: Invalid character found: & at 12,9

Error:  Invalid character found: & at 40,33
    41:     ERROR_T       &

Error:  Invalid character found: & at 41,19
    42:     IDENT_T       N

    43:     COMMA_T       ,

    44:     STRLIT_T      'is odd.'

    45:     RPAREN_T      )

    46:     13: 	else:

    47:     TAB_T         \t

Error:  Invalid character found: \ at 47,19
    48:     ELSE_T        else

    49:     COLON_T       :

    50:     14: 		print(!N, 'is even.')

Error:  Invalid character found: ! at 50,17
    51:     TAB_T         \t

Error:  Invalid character found: \ at 51,19
    52:     TAB_T         \t

Error:  Invalid character found: \ at 52,19
    53:     PRINT_T       print

    54:     LPAREN_T      (

    55: Error: Invalid character found: ! at 14,9

Error:  Invalid character found: ! at 55,33
    56:     ERROR_T       !

Error:  Invalid character found: ! at 56,19
    57:     IDENT_T       N

    58:     COMMA_T       ,

    59:     STRLIT_T      'is even.'

    60:     RPAREN_T      )

    61:     15: 

    62:     16: 

    63:     17: main()

    64:     IDENT_T       main

    65:     LPAREN_T      (

    66:     RPAREN_T      )

    67:     EOF_T         eof

    68: 2 errors found in input file

13 errors found in input file
